tiers :: [()->()]  =
  [ [ \x -> case x of
              () -> ()
    ]
  ]

map length (tiers :: [[ ()->() ]])  =  [1]

length (list :: [ ()->() ])  =  1

allUnique (list :: [ ()->() ])  =  True
